Archive member included to satisfy reference by file (symbol)

C:/ST/STM32CubeIDE_1.16.0/STM32CubeIDE/plugins/com.st.stm32cube.ide.mcu.externaltools.gnu-tools-for-stm32.12.3.rel1.win32_1.0.200.202406191623/tools/bin/../lib/gcc/arm-none-eabi/12.3.1/../../../../arm-none-eabi/lib/thumb/v7e-m+fp/hard\libc_nano.a(libc_a-exit.o)
                              C:/ST/STM32CubeIDE_1.16.0/STM32CubeIDE/plugins/com.st.stm32cube.ide.mcu.externaltools.gnu-tools-for-stm32.12.3.rel1.win32_1.0.200.202406191623/tools/bin/../lib/gcc/arm-none-eabi/12.3.1/../../../../arm-none-eabi/lib/thumb/v7e-m+fp/hard/crt0.o (exit)
C:/ST/STM32CubeIDE_1.16.0/STM32CubeIDE/plugins/com.st.stm32cube.ide.mcu.externaltools.gnu-tools-for-stm32.12.3.rel1.win32_1.0.200.202406191623/tools/bin/../lib/gcc/arm-none-eabi/12.3.1/../../../../arm-none-eabi/lib/thumb/v7e-m+fp/hard\libc_nano.a(libc_a-findfp.o)
                              C:/ST/STM32CubeIDE_1.16.0/STM32CubeIDE/plugins/com.st.stm32cube.ide.mcu.externaltools.gnu-tools-for-stm32.12.3.rel1.win32_1.0.200.202406191623/tools/bin/../lib/gcc/arm-none-eabi/12.3.1/../../../../arm-none-eabi/lib/thumb/v7e-m+fp/hard\libc_nano.a(libc_a-exit.o) (__stdio_exit_handler)
C:/ST/STM32CubeIDE_1.16.0/STM32CubeIDE/plugins/com.st.stm32cube.ide.mcu.externaltools.gnu-tools-for-stm32.12.3.rel1.win32_1.0.200.202406191623/tools/bin/../lib/gcc/arm-none-eabi/12.3.1/../../../../arm-none-eabi/lib/thumb/v7e-m+fp/hard\libc_nano.a(libc_a-fwalk.o)
                              C:/ST/STM32CubeIDE_1.16.0/STM32CubeIDE/plugins/com.st.stm32cube.ide.mcu.externaltools.gnu-tools-for-stm32.12.3.rel1.win32_1.0.200.202406191623/tools/bin/../lib/gcc/arm-none-eabi/12.3.1/../../../../arm-none-eabi/lib/thumb/v7e-m+fp/hard\libc_nano.a(libc_a-findfp.o) (_fwalk_sglue)
C:/ST/STM32CubeIDE_1.16.0/STM32CubeIDE/plugins/com.st.stm32cube.ide.mcu.externaltools.gnu-tools-for-stm32.12.3.rel1.win32_1.0.200.202406191623/tools/bin/../lib/gcc/arm-none-eabi/12.3.1/../../../../arm-none-eabi/lib/thumb/v7e-m+fp/hard\libc_nano.a(libc_a-stdio.o)
                              C:/ST/STM32CubeIDE_1.16.0/STM32CubeIDE/plugins/com.st.stm32cube.ide.mcu.externaltools.gnu-tools-for-stm32.12.3.rel1.win32_1.0.200.202406191623/tools/bin/../lib/gcc/arm-none-eabi/12.3.1/../../../../arm-none-eabi/lib/thumb/v7e-m+fp/hard\libc_nano.a(libc_a-findfp.o) (__sread)
C:/ST/STM32CubeIDE_1.16.0/STM32CubeIDE/plugins/com.st.stm32cube.ide.mcu.externaltools.gnu-tools-for-stm32.12.3.rel1.win32_1.0.200.202406191623/tools/bin/../lib/gcc/arm-none-eabi/12.3.1/../../../../arm-none-eabi/lib/thumb/v7e-m+fp/hard\libc_nano.a(libc_a-memset.o)
                              C:/ST/STM32CubeIDE_1.16.0/STM32CubeIDE/plugins/com.st.stm32cube.ide.mcu.externaltools.gnu-tools-for-stm32.12.3.rel1.win32_1.0.200.202406191623/tools/bin/../lib/gcc/arm-none-eabi/12.3.1/../../../../arm-none-eabi/lib/thumb/v7e-m+fp/hard/crt0.o (memset)
C:/ST/STM32CubeIDE_1.16.0/STM32CubeIDE/plugins/com.st.stm32cube.ide.mcu.externaltools.gnu-tools-for-stm32.12.3.rel1.win32_1.0.200.202406191623/tools/bin/../lib/gcc/arm-none-eabi/12.3.1/../../../../arm-none-eabi/lib/thumb/v7e-m+fp/hard\libc_nano.a(libc_a-closer.o)
                              C:/ST/STM32CubeIDE_1.16.0/STM32CubeIDE/plugins/com.st.stm32cube.ide.mcu.externaltools.gnu-tools-for-stm32.12.3.rel1.win32_1.0.200.202406191623/tools/bin/../lib/gcc/arm-none-eabi/12.3.1/../../../../arm-none-eabi/lib/thumb/v7e-m+fp/hard\libc_nano.a(libc_a-stdio.o) (_close_r)
C:/ST/STM32CubeIDE_1.16.0/STM32CubeIDE/plugins/com.st.stm32cube.ide.mcu.externaltools.gnu-tools-for-stm32.12.3.rel1.win32_1.0.200.202406191623/tools/bin/../lib/gcc/arm-none-eabi/12.3.1/../../../../arm-none-eabi/lib/thumb/v7e-m+fp/hard\libc_nano.a(libc_a-reent.o)
                              C:/ST/STM32CubeIDE_1.16.0/STM32CubeIDE/plugins/com.st.stm32cube.ide.mcu.externaltools.gnu-tools-for-stm32.12.3.rel1.win32_1.0.200.202406191623/tools/bin/../lib/gcc/arm-none-eabi/12.3.1/../../../../arm-none-eabi/lib/thumb/v7e-m+fp/hard\libc_nano.a(libc_a-closer.o) (errno)
C:/ST/STM32CubeIDE_1.16.0/STM32CubeIDE/plugins/com.st.stm32cube.ide.mcu.externaltools.gnu-tools-for-stm32.12.3.rel1.win32_1.0.200.202406191623/tools/bin/../lib/gcc/arm-none-eabi/12.3.1/../../../../arm-none-eabi/lib/thumb/v7e-m+fp/hard\libc_nano.a(libc_a-impure.o)
                              C:/ST/STM32CubeIDE_1.16.0/STM32CubeIDE/plugins/com.st.stm32cube.ide.mcu.externaltools.gnu-tools-for-stm32.12.3.rel1.win32_1.0.200.202406191623/tools/bin/../lib/gcc/arm-none-eabi/12.3.1/../../../../arm-none-eabi/lib/thumb/v7e-m+fp/hard\libc_nano.a(libc_a-reent.o) (_impure_ptr)
C:/ST/STM32CubeIDE_1.16.0/STM32CubeIDE/plugins/com.st.stm32cube.ide.mcu.externaltools.gnu-tools-for-stm32.12.3.rel1.win32_1.0.200.202406191623/tools/bin/../lib/gcc/arm-none-eabi/12.3.1/../../../../arm-none-eabi/lib/thumb/v7e-m+fp/hard\libc_nano.a(libc_a-lseekr.o)
[...]
Memory Configuration

Name             Origin             Length             Attributes
CCMRAM           0x10000000         0x00010000         xrw
RAM              0x20000000         0x00020000         xrw
FLASH            0x08000000         0x00100000         xr
*default*        0x00000000         0xffffffff

Linker script and memory map

LOAD C:/ST/STM32CubeIDE_1.16.0/STM32CubeIDE/plugins/com.st.stm32cube.ide.mcu.externaltools.gnu-tools-for-stm32.12.3.rel1.win32_1.0.200.202406191623/tools/bin/../lib/gcc/arm-none-eabi/12.3.1/thumb/v7e-m+fp/hard/crti.o
LOAD C:/ST/STM32CubeIDE_1.16.0/STM32CubeIDE/plugins/com.st.stm32cube.ide.mcu.externaltools.gnu-tools-for-stm32.12.3.rel1.win32_1.0.200.202406191623/tools/bin/../lib/gcc/arm-none-eabi/12.3.1/thumb/v7e-m+fp/hard/crtbegin.o
LOAD C:/ST/STM32CubeIDE_1.16.0/STM32CubeIDE/plugins/com.st.stm32cube.ide.mcu.externaltools.gnu-tools-for-stm32.12.3.rel1.win32_1.0.200.202406191623/tools/bin/../lib/gcc/arm-none-eabi/12.3.1/../../../../arm-none-eabi/lib/thumb/v7e-m+fp/hard/crt0.o
LOAD ./Src/adc_driver.o
LOAD ./Src/adc_if.o
LOAD ./Src/main.o
LOAD ./Src/syscalls.o
LOAD ./Src/sysmem.o
LOAD ./Src/system_clock_driver.o
LOAD ./Src/system_clock_if.o
LOAD ./Src/usart_driver.o
LOAD ./Src/usart_if.o
LOAD ./Startup/startup_stm32f405rgtx.o
START GROUP
LOAD C:/ST/STM32CubeIDE_1.16.0/STM32CubeIDE/plugins/com.st.stm32cube.ide.mcu.externaltools.gnu-tools-for-stm32.12.3.rel1.win32_1.0.200.202406191623/tools/bin/../lib/gcc/arm-none-eabi/12.3.1/../../../../arm-none-eabi/lib/thumb/v7e-m+fp/hard\libc_nano.a
LOAD C:/ST/STM32CubeIDE_1.16.0/STM32CubeIDE/plugins/com.st.stm32cube.ide.mcu.externaltools.gnu-tools-for-stm32.12.3.rel1.win32_1.0.200.202406191623/tools/bin/../lib/gcc/arm-none-eabi/12.3.1/../../../../arm-none-eabi/lib/thumb/v7e-m+fp/hard\libm.a
END GROUP
START GROUP
LOAD C:/ST/STM32CubeIDE_1.16.0/STM32CubeIDE/plugins/com.st.stm32cube.ide.mcu.externaltools.gnu-tools-for-stm32.12.3.rel1.win32_1.0.200.202406191623/tools/bin/../lib/gcc/arm-none-eabi/12.3.1/thumb/v7e-m+fp/hard\libgcc.a
LOAD C:/ST/STM32CubeIDE_1.16.0/STM32CubeIDE/plugins/com.st.stm32cube.ide.mcu.externaltools.gnu-tools-for-stm32.12.3.rel1.win32_1.0.200.202406191623/tools/bin/../lib/gcc/arm-none-eabi/12.3.1/../../../../arm-none-eabi/lib/thumb/v7e-m+fp/hard\libc_nano.a
END GROUP
START GROUP
LOAD C:/ST/STM32CubeIDE_1.16.0/STM32CubeIDE/plugins/com.st.stm32cube.ide.mcu.externaltools.gnu-tools-for-stm32.12.3.rel1.win32_1.0.200.202406191623/tools/bin/../lib/gcc/arm-none-eabi/12.3.1/thumb/v7e-m+fp/hard\libgcc.a
LOAD C:/ST/STM32CubeIDE_1.16.0/STM32CubeIDE/plugins/com.st.stm32cube.ide.mcu.externaltools.gnu-tools-for-stm32.12.3.rel1.win32_1.0.200.202406191623/tools/bin/../lib/gcc/arm-none-eabi/12.3.1/../../../../arm-none-eabi/lib/thumb/v7e-m+fp/hard\libc_nano.a
LOAD C:/ST/STM32CubeIDE_1.16.0/STM32CubeIDE/plugins/com.st.stm32cube.ide.mcu.externaltools.gnu-tools-for-stm32.12.3.rel1.win32_1.0.200.202406191623/tools/bin/../lib/gcc/arm-none-eabi/12.3.1/../../../../arm-none-eabi/lib/thumb/v7e-m+fp/hard\libnosys.a
END GROUP
START GROUP
LOAD C:/ST/STM32CubeIDE_1.16.0/STM32CubeIDE/plugins/com.st.stm32cube.ide.mcu.externaltools.gnu-tools-for-stm32.12.3.rel1.win32_1.0.200.202406191623/tools/bin/../lib/gcc/arm-none-eabi/12.3.1/thumb/v7e-m+fp/hard\libgcc.a
LOAD C:/ST/STM32CubeIDE_1.16.0/STM32CubeIDE/plugins/com.st.stm32cube.ide.mcu.externaltools.gnu-tools-for-stm32.12.3.rel1.win32_1.0.200.202406191623/tools/bin/../lib/gcc/arm-none-eabi/12.3.1/../../../../arm-none-eabi/lib/thumb/v7e-m+fp/hard\libc_nano.a
LOAD C:/ST/STM32CubeIDE_1.16.0/STM32CubeIDE/plugins/com.st.stm32cube.ide.mcu.externaltools.gnu-tools-for-stm32.12.3.rel1.win32_1.0.200.202406191623/tools/bin/../lib/gcc/arm-none-eabi/12.3.1/../../../../arm-none-eabi/lib/thumb/v7e-m+fp/hard\libnosys.a
END GROUP
LOAD C:/ST/STM32CubeIDE_1.16.0/STM32CubeIDE/plugins/com.st.stm32cube.ide.mcu.externaltools.gnu-tools-for-stm32.12.3.rel1.win32_1.0.200.202406191623/tools/bin/../lib/gcc/arm-none-eabi/12.3.1/thumb/v7e-m+fp/hard/crtend.o
LOAD C:/ST/STM32CubeIDE_1.16.0/STM32CubeIDE/plugins/com.st.stm32cube.ide.mcu.externaltools.gnu-tools-for-stm32.12.3.rel1.win32_1.0.200.202406191623/tools/bin/../lib/gcc/arm-none-eabi/12.3.1/thumb/v7e-m+fp/hard/crtn.o
                0x20020000                        _estack = (ORIGIN (RAM) + LENGTH (RAM))
                0x00000200                        _Min_Heap_Size = 0x200
                0x00000400                        _Min_Stack_Size = 0x400

.isr_vector     0x08000000      0x188
                0x08000000                        . = ALIGN (0x4)
 *(.isr_vector)
 .isr_vector    0x08000000      0x188 ./Startup/startup_stm32f405rgtx.o
                0x08000000                g_pfnVectors
                0x08000188                        . = ALIGN (0x4)

.text           0x08000188      0xef0
                0x08000188                        . = ALIGN (0x4)
 *(.text)
 .text          0x08000188       0x40 C:/ST/STM32CubeIDE_1.16.0/STM32CubeIDE/plugins/com.st.stm32cube.ide.mcu.externaltools.gnu-tools-for-stm32.12.3.rel1.win32_1.0.200.202406191623/tools/bin/../lib/gcc/arm-none-eabi/12.3.1/thumb/v7e-m+fp/hard/crtbegin.o
 .text          0x080001c8      0x378 C:/ST/STM32CubeIDE_1.16.0/STM32CubeIDE/plugins/com.st.stm32cube.ide.mcu.externaltools.gnu-tools-for-stm32.12.3.rel1.win32_1.0.200.202406191623/tools/bin/../lib/gcc/arm-none-eabi/12.3.1/thumb/v7e-m+fp/hard\libgcc.a(_arm_addsubdf3.o)
                0x080001c8                __aeabi_drsub
                0x080001d0                __aeabi_dsub
                0x080001d0                __subdf3
                0x080001d4                __aeabi_dadd
                0x080001d4                __adddf3
                0x0800044c                __floatunsidf
                0x0800044c                __aeabi_ui2d
                0x0800046c                __floatsidf
                0x0800046c                __aeabi_i2d
                0x08000490                __aeabi_f2d
                0x08000490                __extendsfdf2
                0x080004d4                __floatundidf
                0x080004d4                __aeabi_ul2d
                0x080004e4                __floatdidf
                0x080004e4                __aeabi_l2d
 .text          0x08000540      0x424 C:/ST/STM32CubeIDE_1.16.0/STM32CubeIDE/plugins/com.st.stm32cube.ide.mcu.externaltools.gnu-tools-for-stm32.12.3.rel1.win32_1.0.200.202406191623/tools/bin/../lib/gcc/arm-none-eabi/12.3.1/thumb/v7e-m+fp/hard\libgcc.a(_arm_muldivdf3.o)
                0x08000540                __aeabi_dmul
                0x08000540                __muldf3
                0x08000794                __divdf3
                0x08000794                __aeabi_ddiv
 .text          0x08000964       0xa0 C:/ST/STM32CubeIDE_1.16.0/STM32CubeIDE/plugins/com.st.stm32cube.ide.mcu.externaltools.gnu-tools-for-stm32.12.3.rel1.win32_1.0.200.202406191623/tools/bin/../lib/gcc/arm-none-eabi/12.3.1/thumb/v7e-m+fp/hard\libgcc.a(_arm_truncdfsf2.o)
                0x08000964                __truncdfsf2
                0x08000964                __aeabi_d2f
 *(.text*)
 .text.ADC1_Init_3Channels_PA0_PA1_PA2
                0x08000a04      0x158 ./Src/adc_driver.o
                0x08000a04                ADC1_Init_3Channels_PA0_PA1_PA2
 .text.ADC1_Read_3Channels
                0x08000b5c       0x5c ./Src/adc_driver.o
                0x08000b5c                ADC1_Read_3Channels
 .text.main     0x08000bb8      0x140 ./Src/main.o
                0x08000bb8                main
 .text.config_uc
                0x08000cf8       0x34 ./Src/main.o
                0x08000cf8                config_uc
 .text.USART3_IRQHandler
                0x08000d2c       0x2c ./Src/main.o
                0x08000d2c                USART3_IRQHandler
 .text.SystemClock_Config
                0x08000d58       0xa4 ./Src/system_clock_driver.o
                0x08000d58                SystemClock_Config
 .text.FPU_Enable
                0x08000dfc       0x30 ./Src/system_clock_driver.o
                0x08000dfc                FPU_Enable
 .text.clear_fault_flags
                0x08000e2c       0x2c ./Src/system_clock_driver.o
                0x08000e2c                clear_fault_flags
 .text.__NVIC_EnableIRQ
                0x08000e58       0x3c ./Src/usart_driver.o
 .text.usart_init
                0x08000e94       0xd0 ./Src/usart_driver.o
                0x08000e94                usart_init
 .text.write_byte
                0x08000f64       0x30 ./Src/usart_driver.o
                0x08000f64                write_byte
 .text.read_byte
                0x08000f94       0x30 ./Src/usart_driver.o
                0x08000f94                read_byte
 .text.Reset_Handler
                0x08000fc4       0x50 ./Startup/startup_stm32f405rgtx.o
                0x08000fc4                Reset_Handler
 .text.Default_Handler
                0x08001014        0x2 ./Startup/startup_stm32f405rgtx.o
                0x08001014                RTC_Alarm_IRQHandler
                0x08001014                HASH_RNG_IRQHandler
                0x08001014                EXTI2_IRQHandler
                0x08001014                TIM8_CC_IRQHandler
                0x08001014                DebugMon_Handler
                0x08001014                TIM1_CC_IRQHandler
                0x08001014                DMA2_Stream5_IRQHandler
                0x08001014                HardFault_Handler
                0x08001014                DMA1_Stream5_IRQHandler
                0x08001014                SysTick_Handler
                0x08001014                PVD_IRQHandler
                0x08001014                SDIO_IRQHandler
                0x08001014                TAMP_STAMP_IRQHandler
                0x08001014                PendSV_Handler
                0x08001014                NMI_Handler
                0x08001014                CAN2_RX1_IRQHandler
                0x08001014                EXTI3_IRQHandler
                0x08001014                TIM8_TRG_COM_TIM14_IRQHandler
                0x08001014                TIM1_UP_TIM10_IRQHandler
                0x08001014                TIM8_UP_TIM13_IRQHandler
                0x08001014                I2C3_ER_IRQHandler
                0x08001014                EXTI0_IRQHandler
                0x08001014                I2C2_EV_IRQHandler
                0x08001014                DMA1_Stream2_IRQHandler
                0x08001014                CAN1_RX0_IRQHandler
                0x08001014                FPU_IRQHandler
                0x08001014                OTG_HS_WKUP_IRQHandler
                0x08001014                UsageFault_Handler
                0x08001014                CAN2_SCE_IRQHandler
                0x08001014                DMA2_Stream2_IRQHandler
                0x08001014                SPI1_IRQHandler
                0x08001014                TIM6_DAC_IRQHandler
                0x08001014                TIM1_BRK_TIM9_IRQHandler
                0x08001014                DCMI_IRQHandler
                0x08001014                CAN2_RX0_IRQHandler
                0x08001014                DMA2_Stream3_IRQHandler
                0x08001014                USART6_IRQHandler
                0x08001014                CRYP_IRQHandler
                0x08001014                CAN1_RX1_IRQHandler
                0x08001014                UART5_IRQHandler
                0x08001014                DMA2_Stream0_IRQHandler
                0x08001014                TIM4_IRQHandler
                0x08001014                I2C1_EV_IRQHandler
                0x08001014                DMA1_Stream6_IRQHandler
                0x08001014                DMA1_Stream1_IRQHandler
                0x08001014                UART4_IRQHandler
                0x08001014                TIM3_IRQHandler
                0x08001014                RCC_IRQHandler
                0x08001014                TIM8_BRK_TIM12_IRQHandler
                0x08001014                Default_Handler
                0x08001014                EXTI15_10_IRQHandler
                0x08001014                ADC_IRQHandler
                0x08001014                DMA1_Stream7_IRQHandler
                0x08001014                TIM7_IRQHandler
                0x08001014                CAN2_TX_IRQHandler
                0x08001014                TIM5_IRQHandler
                0x08001014                DMA2_Stream7_IRQHandler
                0x08001014                I2C3_EV_IRQHandler
                0x08001014                EXTI9_5_IRQHandler
                0x08001014                RTC_WKUP_IRQHandler
                0x08001014                ETH_WKUP_IRQHandler
                0x08001014                SPI2_IRQHandler
                0x08001014                OTG_HS_EP1_IN_IRQHandler
                0x08001014                MemManage_Handler
                0x08001014                DMA1_Stream0_IRQHandler
                0x08001014                CAN1_TX_IRQHandler
                0x08001014                SVC_Handler
                0x08001014                EXTI4_IRQHandler
                0x08001014                FSMC_IRQHandler
                0x08001014                ETH_IRQHandler
                0x08001014                OTG_HS_EP1_OUT_IRQHandler
                0x08001014                WWDG_IRQHandler
                0x08001014                TIM2_IRQHandler
                0x08001014                OTG_FS_WKUP_IRQHandler
                0x08001014                TIM1_TRG_COM_TIM11_IRQHandler
                0x08001014                OTG_HS_IRQHandler
                0x08001014                EXTI1_IRQHandler
                0x08001014                USART2_IRQHandler
                0x08001014                I2C2_ER_IRQHandler
                0x08001014                DMA2_Stream1_IRQHandler
                0x08001014                CAN1_SCE_IRQHandler
                0x08001014                DMA2_Stream4_IRQHandler
                0x08001014                BusFault_Handler
                0x08001014                USART1_IRQHandler
                0x08001014                OTG_FS_IRQHandler
                0x08001014                SPI3_IRQHandler
                0x08001014                DMA1_Stream4_IRQHandler
                0x08001014                I2C1_ER_IRQHandler
                0x08001014                DMA2_Stream6_IRQHandler
                0x08001014                DMA1_Stream3_IRQHandler
 *fill*         0x08001016        0x2 
 .text.__libc_init_array
                0x08001018       0x48 C:/ST/STM32CubeIDE_1.16.0/STM32CubeIDE/plugins/com.st.stm32cube.ide.mcu.externaltools.gnu-tools-for-stm32.12.3.rel1.win32_1.0.200.202406191623/tools/bin/../lib/gcc/arm-none-eabi/12.3.1/../../../../arm-none-eabi/lib/thumb/v7e-m+fp/hard\libc_nano.a(libc_a-init.o)
                0x08001018                __libc_init_array
 *(.glue_7)
 .glue_7        0x08001060        0x0 linker stubs
 *(.glue_7t)
 .glue_7t       0x08001060        0x0 linker stubs
 *(.eh_frame)
 .eh_frame      0x08001060        0x0 C:/ST/STM32CubeIDE_1.16.0/STM32CubeIDE/plugins/com.st.stm32cube.ide.mcu.externaltools.gnu-tools-for-stm32.12.3.rel1.win32_1.0.200.202406191623/tools/bin/../lib/gcc/arm-none-eabi/12.3.1/thumb/v7e-m+fp/hard/crtbegin.o
 *(.init)
 .init          0x08001060        0x4 C:/ST/STM32CubeIDE_1.16.0/STM32CubeIDE/plugins/com.st.stm32cube.ide.mcu.externaltools.gnu-tools-for-stm32.12.3.rel1.win32_1.0.200.202406191623/tools/bin/../lib/gcc/arm-none-eabi/12.3.1/thumb/v7e-m+fp/hard/crti.o
                0x08001060                _init
 .init          0x08001064        0x8 C:/ST/STM32CubeIDE_1.16.0/STM32CubeIDE/plugins/com.st.stm32cube.ide.mcu.externaltools.gnu-tools-for-stm32.12.3.rel1.win32_1.0.200.202406191623/tools/bin/../lib/gcc/arm-none-eabi/12.3.1/thumb/v7e-m+fp/hard/crtn.o
 *(.fini)
 .fini          0x0800106c        0x4 C:/ST/STM32CubeIDE_1.16.0/STM32CubeIDE/plugins/com.st.stm32cube.ide.mcu.externaltools.gnu-tools-for-stm32.12.3.rel1.win32_1.0.200.202406191623/tools/bin/../lib/gcc/arm-none-eabi/12.3.1/thumb/v7e-m+fp/hard/crti.o
                0x0800106c                _fini
 .fini          0x08001070        0x8 C:/ST/STM32CubeIDE_1.16.0/STM32CubeIDE/plugins/com.st.stm32cube.ide.mcu.externaltools.gnu-tools-for-stm32.12.3.rel1.win32_1.0.200.202406191623/tools/bin/../lib/gcc/arm-none-eabi/12.3.1/thumb/v7e-m+fp/hard/crtn.o
                0x08001078                        . = ALIGN (0x4)
                0x08001078                        _etext = .

.vfp11_veneer   0x08001078        0x0
 .vfp11_veneer  0x08001078        0x0 linker stubs

.v4_bx          0x08001078        0x0
 .v4_bx         0x08001078        0x0 linker stubs

.iplt           0x08001078        0x0
 .iplt          0x08001078        0x0 C:/ST/STM32CubeIDE_1.16.0/STM32CubeIDE/plugins/com.st.stm32cube.ide.mcu.externaltools.gnu-tools-for-stm32.12.3.rel1.win32_1.0.200.202406191623/tools/bin/../lib/gcc/arm-none-eabi/12.3.1/thumb/v7e-m+fp/hard/crtbegin.o

.rodata         0x08001078       0x20
                0x08001078                        . = ALIGN (0x4)
 *(.rodata)
 *(.rodata*)
 .rodata.adc_STM32
                0x08001078        0x8 ./Src/adc_if.o
                0x08001078                adc_STM32
 .rodata.SYSCLK_STM32
                0x08001080        0xc ./Src/system_clock_if.o
                0x08001080                SYSCLK_STM32
 .rodata.usart3_STM32
                0x0800108c        0xc ./Src/usart_if.o
                0x0800108c                usart3_STM32
                0x08001098                        . = ALIGN (0x4)

.ARM.extab      0x08001098        0x0
                0x08001098                        . = ALIGN (0x4)
 *(.ARM.extab* .gnu.linkonce.armextab.*)
                0x08001098                        . = ALIGN (0x4)

.ARM            0x08001098        0x0
                0x08001098                        . = ALIGN (0x4)
                0x08001098                        __exidx_start = .
 *(.ARM.exidx*)
                0x08001098                        __exidx_end = .
                0x08001098                        . = ALIGN (0x4)

.preinit_array  0x08001098        0x0
                0x08001098                        . = ALIGN (0x4)
                0x08001098                        PROVIDE (__preinit_array_start = .)
 *(.preinit_array*)
                0x08001098                        PROVIDE (__preinit_array_end = .)
                0x08001098                        . = ALIGN (0x4)

.init_array     0x08001098        0x4
                0x08001098                        . = ALIGN (0x4)
                0x08001098                        PROVIDE (__init_array_start = .)
 *(SORT_BY_NAME(.init_array.*))
 *(.init_array*)
 .init_array    0x08001098        0x4 C:/ST/STM32CubeIDE_1.16.0/STM32CubeIDE/plugins/com.st.stm32cube.ide.mcu.externaltools.gnu-tools-for-stm32.12.3.rel1.win32_1.0.200.202406191623/tools/bin/../lib/gcc/arm-none-eabi/12.3.1/thumb/v7e-m+fp/hard/crtbegin.o
                0x0800109c                        PROVIDE (__init_array_end = .)
                0x0800109c                        . = ALIGN (0x4)

.fini_array     0x0800109c        0x4
                0x0800109c                        . = ALIGN (0x4)
                [!provide]                        PROVIDE (__fini_array_start = .)
 *(SORT_BY_NAME(.fini_array.*))
 *(.fini_array*)
 .fini_array    0x0800109c        0x4 C:/ST/STM32CubeIDE_1.16.0/STM32CubeIDE/plugins/com.st.stm32cube.ide.mcu.externaltools.gnu-tools-for-stm32.12.3.rel1.win32_1.0.200.202406191623/tools/bin/../lib/gcc/arm-none-eabi/12.3.1/thumb/v7e-m+fp/hard/crtbegin.o
                [!provide]                        PROVIDE (__fini_array_end = .)
                0x080010a0                        . = ALIGN (0x4)
                0x080010a0                        _sidata = LOADADDR (.data)

.rel.dyn        0x080010a0        0x0
 .rel.iplt      0x080010a0        0x0 C:/ST/STM32CubeIDE_1.16.0/STM32CubeIDE/plugins/com.st.stm32cube.ide.mcu.externaltools.gnu-tools-for-stm32.12.3.rel1.win32_1.0.200.202406191623/tools/bin/../lib/gcc/arm-none-eabi/12.3.1/thumb/v7e-m+fp/hard/crtbegin.o

.data           0x20000000        0x0 load address 0x080010a0
                0x20000000                        . = ALIGN (0x4)
                0x20000000                        _sdata = .
 *(.data)
 *(.data*)
 *(.RamFunc)
 *(.RamFunc*)
                0x20000000                        . = ALIGN (0x4)
                0x20000000                        _edata = .
                0x080010a0                        _siccmram = LOADADDR (.ccmram)

.igot.plt       0x20000000        0x0 load address 0x080010a0
 .igot.plt      0x20000000        0x0 C:/ST/STM32CubeIDE_1.16.0/STM32CubeIDE/plugins/com.st.stm32cube.ide.mcu.externaltools.gnu-tools-for-stm32.12.3.rel1.win32_1.0.200.202406191623/tools/bin/../lib/gcc/arm-none-eabi/12.3.1/thumb/v7e-m+fp/hard/crtbegin.o

.ccmram         0x10000000        0x0 load address 0x080010a0
                0x10000000                        . = ALIGN (0x4)
                0x10000000                        _sccmram = .
 *(.ccmram)
 *(.ccmram*)
                0x10000000                        . = ALIGN (0x4)
                0x10000000                        _eccmram = .
                0x10000000                        . = ALIGN (0x4)

.bss            0x20000000       0x34
                0x20000000                        _sbss = .
                0x20000000                        __bss_start__ = _sbss
 *(.bss)
 .bss           0x20000000       0x1c C:/ST/STM32CubeIDE_1.16.0/STM32CubeIDE/plugins/com.st.stm32cube.ide.mcu.externaltools.gnu-tools-for-stm32.12.3.rel1.win32_1.0.200.202406191623/tools/bin/../lib/gcc/arm-none-eabi/12.3.1/thumb/v7e-m+fp/hard/crtbegin.o
 *(.bss*)
 .bss.capturas  0x2000001c        0x6 ./Src/main.o
                0x2000001c                capturas
 .bss.adc_0     0x20000022        0x2 ./Src/main.o
                0x20000022                adc_0
 .bss.adc_1     0x20000024        0x2 ./Src/main.o
                0x20000024                adc_1
 *fill*         0x20000026        0x2 
 .bss.volts_f_0
                0x20000028        0x4 ./Src/main.o
                0x20000028                volts_f_0
 .bss.volts_f_1
                0x2000002c        0x4 ./Src/main.o
                0x2000002c                volts_f_1
 .bss.rx_data   0x20000030        0x1 ./Src/main.o
                0x20000030                rx_data
 *(COMMON)
                0x20000034                        . = ALIGN (0x4)
 *fill*         0x20000031        0x3 
                0x20000034                        _ebss = .
                0x20000034                        __bss_end__ = _ebss

._user_heap_stack
                0x20000034      0x604
                0x20000038                        . = ALIGN (0x8)
 *fill*         0x20000034        0x4 
                [!provide]                        PROVIDE (end = .)
                0x20000038                        PROVIDE (_end = .)
                0x20000238                        . = (. + _Min_Heap_Size)
 *fill*         0x20000038      0x200 
                0x20000638                        . = (. + _Min_Stack_Size)
 *fill*         0x20000238      0x400 
                0x20000638                        . = ALIGN (0x8)

/DISCARD/
 libc.a(*)
 libm.a(*)
 libgcc.a(*)

.ARM.attributes
                0x00000000       0x30
 *(.ARM.attributes)
 .ARM.attributes
                0x00000000       0x22 C:/ST/STM32CubeIDE_1.16.0/STM32CubeIDE/plugins/com.st.stm32cube.ide.mcu.externaltools.gnu-tools-for-stm32.12.3.rel1.win32_1.0.200.202406191623/tools/bin/../lib/gcc/arm-none-eabi/12.3.1/thumb/v7e-m+fp/hard/crti.o
 .ARM.attributes
                0x00000022       0x34 C:/ST/STM32CubeIDE_1.16.0/STM32CubeIDE/plugins/com.st.stm32cube.ide.mcu.externaltools.gnu-tools-for-stm32.12.3.rel1.win32_1.0.200.202406191623/tools/bin/../lib/gcc/arm-none-eabi/12.3.1/thumb/v7e-m+fp/hard/crtbegin.o
 .ARM.attributes
                0x00000056       0x34 ./Src/adc_driver.o
 .ARM.attributes
                0x0000008a       0x34 ./Src/adc_if.o
 .ARM.attributes
                0x000000be       0x34 ./Src/main.o
 .ARM.attributes
                0x000000f2       0x34 ./Src/system_clock_driver.o
 .ARM.attributes
                0x00000126       0x34 ./Src/system_clock_if.o
 .ARM.attributes
                0x0000015a       0x34 ./Src/usart_driver.o
 .ARM.attributes
                0x0000018e       0x34 ./Src/usart_if.o
 .ARM.attributes
                0x000001c2       0x21 ./Startup/startup_stm32f405rgtx.o
 .ARM.attributes
                0x000001e3       0x34 C:/ST/STM32CubeIDE_1.16.0/STM32CubeIDE/plugins/com.st.stm32cube.ide.mcu.externaltools.gnu-tools-for-stm32.12.3.rel1.win32_1.0.200.202406191623/tools/bin/../lib/gcc/arm-none-eabi/12.3.1/../../../../arm-none-eabi/lib/thumb/v7e-m+fp/hard\libc_nano.a(libc_a-init.o)
 .ARM.attributes
                0x00000217       0x22 C:/ST/STM32CubeIDE_1.16.0/STM32CubeIDE/plugins/com.st.stm32cube.ide.mcu.externaltools.gnu-tools-for-stm32.12.3.rel1.win32_1.0.200.202406191623/tools/bin/../lib/gcc/arm-none-eabi/12.3.1/thumb/v7e-m+fp/hard\libgcc.a(_arm_addsubdf3.o)
 .ARM.attributes
                0x00000239       0x22 C:/ST/STM32CubeIDE_1.16.0/STM32CubeIDE/plugins/com.st.stm32cube.ide.mcu.externaltools.gnu-tools-for-stm32.12.3.rel1.win32_1.0.200.202406191623/tools/bin/../lib/gcc/arm-none-eabi/12.3.1/thumb/v7e-m+fp/hard\libgcc.a(_arm_muldivdf3.o)
 .ARM.attributes
                0x0000025b       0x22 C:/ST/STM32CubeIDE_1.16.0/STM32CubeIDE/plugins/com.st.stm32cube.ide.mcu.externaltools.gnu-tools-for-stm32.12.3.rel1.win32_1.0.200.202406191623/tools/bin/../lib/gcc/arm-none-eabi/12.3.1/thumb/v7e-m+fp/hard\libgcc.a(_arm_truncdfsf2.o)
 .ARM.attributes
                0x0000027d       0x22 C:/ST/STM32CubeIDE_1.16.0/STM32CubeIDE/plugins/com.st.stm32cube.ide.mcu.externaltools.gnu-tools-for-stm32.12.3.rel1.win32_1.0.200.202406191623/tools/bin/../lib/gcc/arm-none-eabi/12.3.1/thumb/v7e-m+fp/hard/crtn.o
OUTPUT(Ejercicio_06.elf elf32-littlearm)
LOAD linker stubs
LOAD C:/ST/STM32CubeIDE_1.16.0/STM32CubeIDE/plugins/com.st.stm32cube.ide.mcu.externaltools.gnu-tools-for-stm32.12.3.rel1.win32_1.0.200.202406191623/tools/bin/../lib/gcc/arm-none-eabi/12.3.1/../../../../arm-none-eabi/lib/thumb/v7e-m+fp/hard\libc.a
LOAD C:/ST/STM32CubeIDE_1.16.0/STM32CubeIDE/plugins/com.st.stm32cube.ide.mcu.externaltools.gnu-tools-for-stm32.12.3.rel1.win32_1.0.200.202406191623/tools/bin/../lib/gcc/arm-none-eabi/12.3.1/../../../../arm-none-eabi/lib/thumb/v7e-m+fp/hard\libm.a
LOAD C:/ST/STM32CubeIDE_1.16.0/STM32CubeIDE/plugins/com.st.stm32cube.ide.mcu.externaltools.gnu-tools-for-stm32.12.3.rel1.win32_1.0.200.202406191623/tools/bin/../lib/gcc/arm-none-eabi/12.3.1/thumb/v7e-m+fp/hard\libgcc.a

.debug_info     0x00000000     0x1761
 .debug_info    0x00000000      0x46a ./Src/adc_driver.o
 .debug_info    0x0000046a      0x101 ./Src/adc_if.o
 .debug_info    0x0000056b      0x36f ./Src/main.o
 .debug_info    0x000008da      0x4ff ./Src/system_clock_driver.o
 .debug_info    0x00000dd9       0xe2 ./Src/system_clock_if.o
 .debug_info    0x00000ebb      0x756 ./Src/usart_driver.o
 .debug_info    0x00001611      0x120 ./Src/usart_if.o
 .debug_info    0x00001731       0x30 ./Startup/startup_stm32f405rgtx.o

.debug_abbrev   0x00000000      0x7f5
 .debug_abbrev  0x00000000      0x13d ./Src/adc_driver.o
 .debug_abbrev  0x0000013d       0xcb ./Src/adc_if.o
 .debug_abbrev  0x00000208      0x1ab ./Src/main.o
 .debug_abbrev  0x000003b3       0xfa ./Src/system_clock_driver.o
 .debug_abbrev  0x000004ad       0xa8 ./Src/system_clock_if.o
 .debug_abbrev  0x00000555      0x194 ./Src/usart_driver.o
 .debug_abbrev  0x000006e9       0xe8 ./Src/usart_if.o
 .debug_abbrev  0x000007d1       0x24 ./Startup/startup_stm32f405rgtx.o

.debug_aranges  0x00000000      0x130
 .debug_aranges
                0x00000000       0x28 ./Src/adc_driver.o
 .debug_aranges
                0x00000028       0x18 ./Src/adc_if.o
 .debug_aranges
                0x00000040       0x30 ./Src/main.o
 .debug_aranges
                0x00000070       0x30 ./Src/system_clock_driver.o
 .debug_aranges
                0x000000a0       0x18 ./Src/system_clock_if.o
 .debug_aranges
                0x000000b8       0x38 ./Src/usart_driver.o
 .debug_aranges
                0x000000f0       0x18 ./Src/usart_if.o
 .debug_aranges
                0x00000108       0x28 ./Startup/startup_stm32f405rgtx.o

.debug_rnglists
                0x00000000       0x99
 .debug_rnglists
                0x00000000       0x1a ./Src/adc_driver.o
 .debug_rnglists
                0x0000001a       0x20 ./Src/main.o
 .debug_rnglists
                0x0000003a       0x20 ./Src/system_clock_driver.o
 .debug_rnglists
                0x0000005a       0x26 ./Src/usart_driver.o
 .debug_rnglists
                0x00000080       0x19 ./Startup/startup_stm32f405rgtx.o

.debug_macro    0x00000000    0x17583
 .debug_macro   0x00000000       0xd4 ./Src/adc_driver.o
 .debug_macro   0x000000d4      0xaba ./Src/adc_driver.o
 .debug_macro   0x00000b8e       0x28 ./Src/adc_driver.o
 .debug_macro   0x00000bb6       0x2f ./Src/adc_driver.o
 .debug_macro   0x00000be5       0x22 ./Src/adc_driver.o
 .debug_macro   0x00000c07       0x8e ./Src/adc_driver.o
 .debug_macro   0x00000c95       0x51 ./Src/adc_driver.o
 .debug_macro   0x00000ce6      0x103 ./Src/adc_driver.o
 .debug_macro   0x00000de9       0x6a ./Src/adc_driver.o
 .debug_macro   0x00000e53      0x1df ./Src/adc_driver.o
 .debug_macro   0x00001032       0x1c ./Src/adc_driver.o
 .debug_macro   0x0000104e       0x22 ./Src/adc_driver.o
 .debug_macro   0x00001070       0xfb ./Src/adc_driver.o
 .debug_macro   0x0000116b     0x1011 ./Src/adc_driver.o
 .debug_macro   0x0000217c      0x11f ./Src/adc_driver.o
 .debug_macro   0x0000229b    0x1426d ./Src/adc_driver.o
 .debug_macro   0x00016508       0x6d ./Src/adc_driver.o
 .debug_macro   0x00016575       0x77 ./Src/adc_if.o
 .debug_macro   0x000165ec      0x1d6 ./Src/main.o
 .debug_macro   0x000167c2       0x2a ./Src/main.o
 .debug_macro   0x000167ec       0x61 ./Src/main.o
 .debug_macro   0x0001684d       0x43 ./Src/main.o
 .debug_macro   0x00016890       0x34 ./Src/main.o
 .debug_macro   0x000168c4       0x16 ./Src/main.o
 .debug_macro   0x000168da      0x11c ./Src/main.o
 .debug_macro   0x000169f6       0x94 ./Src/main.o
 .debug_macro   0x00016a8a       0x16 ./Src/main.o
 .debug_macro   0x00016aa0       0x43 ./Src/main.o
 .debug_macro   0x00016ae3       0x34 ./Src/main.o
 .debug_macro   0x00016b17       0x10 ./Src/main.o
 .debug_macro   0x00016b27       0x58 ./Src/main.o
 .debug_macro   0x00016b7f       0x8e ./Src/main.o
 .debug_macro   0x00016c0d       0x1c ./Src/main.o
 .debug_macro   0x00016c29      0x177 ./Src/main.o
 .debug_macro   0x00016da0      0x369 ./Src/main.o
 .debug_macro   0x00017109       0x16 ./Src/main.o
 .debug_macro   0x0001711f       0x29 ./Src/main.o
 .debug_macro   0x00017148      0x19b ./Src/main.o
 .debug_macro   0x000172e3       0xde ./Src/system_clock_driver.o
 .debug_macro   0x000173c1       0x77 ./Src/system_clock_if.o
 .debug_macro   0x00017438       0xd4 ./Src/usart_driver.o
 .debug_macro   0x0001750c       0x77 ./Src/usart_if.o

.debug_line     0x00000000     0x27b6
 .debug_line    0x00000000      0x672 ./Src/adc_driver.o
 .debug_line    0x00000672      0x41a ./Src/adc_if.o
 .debug_line    0x00000a8c      0x7ba ./Src/main.o
 .debug_line    0x00001246      0x645 ./Src/system_clock_driver.o
 .debug_line    0x0000188b      0x435 ./Src/system_clock_if.o
 .debug_line    0x00001cc0      0x65b ./Src/usart_driver.o
 .debug_line    0x0000231b      0x420 ./Src/usart_if.o
 .debug_line    0x0000273b       0x7b ./Startup/startup_stm32f405rgtx.o

.debug_str      0x00000000    0x82820
 .debug_str     0x00000000    0x7e37c ./Src/adc_driver.o
                              0x7e4fb (size before relaxing)
 .debug_str     0x0007e37c       0x48 ./Src/adc_if.o
                               0x3d91 (size before relaxing)
 .debug_str     0x0007e3c4     0x3dcf ./Src/main.o
                              0x821aa (size before relaxing)
 .debug_str     0x00082193       0xe7 ./Src/system_clock_driver.o
                              0x7e4e7 (size before relaxing)
 .debug_str     0x0008227a       0x19 ./Src/system_clock_if.o
                               0x3db9 (size before relaxing)
 .debug_str     0x00082293      0x52c ./Src/usart_driver.o
                              0x7e99d (size before relaxing)
 .debug_str     0x000827bf       0x22 ./Src/usart_if.o
                               0x3d8c (size before relaxing)
 .debug_str     0x000827e1       0x3f ./Startup/startup_stm32f405rgtx.o
                                 0x7e (size before relaxing)

.comment        0x00000000       0x43
 .comment       0x00000000       0x43 ./Src/adc_driver.o
                                 0x44 (size before relaxing)
 .comment       0x00000043       0x44 ./Src/adc_if.o
 .comment       0x00000043       0x44 ./Src/main.o
 .comment       0x00000043       0x44 ./Src/system_clock_driver.o
 .comment       0x00000043       0x44 ./Src/system_clock_if.o
 .comment       0x00000043       0x44 ./Src/usart_driver.o
 .comment       0x00000043       0x44 ./Src/usart_if.o

.debug_frame    0x00000000      0x32c
 .debug_frame   0x00000000       0x60 ./Src/adc_driver.o
 .debug_frame   0x00000060       0x6c ./Src/main.o
 .debug_frame   0x000000cc       0x70 ./Src/system_clock_driver.o
 .debug_frame   0x0000013c       0xa4 ./Src/usart_driver.o
 .debug_frame   0x000001e0       0x2c C:/ST/STM32CubeIDE_1.16.0/STM32CubeIDE/plugins/com.st.stm32cube.ide.mcu.externaltools.gnu-tools-for-stm32.12.3.rel1.win32_1.0.200.202406191623/tools/bin/../lib/gcc/arm-none-eabi/12.3.1/../../../../arm-none-eabi/lib/thumb/v7e-m+fp/hard\libc_nano.a(libc_a-init.o)
 .debug_frame   0x0000020c       0xac C:/ST/STM32CubeIDE_1.16.0/STM32CubeIDE/plugins/com.st.stm32cube.ide.mcu.externaltools.gnu-tools-for-stm32.12.3.rel1.win32_1.0.200.202406191623/tools/bin/../lib/gcc/arm-none-eabi/12.3.1/thumb/v7e-m+fp/hard\libgcc.a(_arm_addsubdf3.o)
 .debug_frame   0x000002b8       0x50 C:/ST/STM32CubeIDE_1.16.0/STM32CubeIDE/plugins/com.st.stm32cube.ide.mcu.externaltools.gnu-tools-for-stm32.12.3.rel1.win32_1.0.200.202406191623/tools/bin/../lib/gcc/arm-none-eabi/12.3.1/thumb/v7e-m+fp/hard\libgcc.a(_arm_muldivdf3.o)
 .debug_frame   0x00000308       0x24 C:/ST/STM32CubeIDE_1.16.0/STM32CubeIDE/plugins/com.st.stm32cube.ide.mcu.externaltools.gnu-tools-for-stm32.12.3.rel1.win32_1.0.200.202406191623/tools/bin/../lib/gcc/arm-none-eabi/12.3.1/thumb/v7e-m+fp/hard\libgcc.a(_arm_truncdfsf2.o)

.debug_line_str
                0x00000000       0x62
 .debug_line_str
                0x00000000       0x62 ./Startup/startup_stm32f405rgtx.o
